// Jest Snapshot v1, https://goo.gl/fbAQLP

exports[`Slide renders correctly 1`] = `<styled.svg />`;
